Microchip MPLAB XC8 Compiler V2.45

Linker command line:

-W-3 \
  --edf=C:\Program Files\Microchip\xc8\v2.45\pic\dat\20230818022343_en.msgs \
  -cn -h+dist/default/production\MPLABXProjects.production.sym \
  --cmf=dist/default/production\MPLABXProjects.production.cmf -z -Q18F4620 \
  -oC:\Users\MARWAA~1\AppData\Local\Temp\xcAssp0.\driver_tmp_3.o \
  --defsym=__MPLAB_BUILD=1 --fixupoverflow=error \
  -Mdist/default/production/MPLABXProjects.production.map \
  --md=C:\Users\MARWAA~1\AppData\Local\Temp\xcAssp0.\driver_tmp_0.dat -E1 \
  -ver=XC8 Compiler --acfsm=1493 -ACODE=00h-0FFFFh -ACONST=00h-0FFFFh \
  -ASMALLCONST=01000h-010FFhx240 -AMEDIUMCONST=01000h-0FFFFh \
  -ACOMRAM=01h-07Fh -AABS1=00h-0F7Fh -ABIGRAM=01h-0F7Fh \
  -ARAM=080h-0FFh,0100h-01FFhx14,0F00h-0F7Fh -ABANK0=080h-0FFh \
  -ABANK1=0100h-01FFh -ABANK2=0200h-02FFh -ABANK3=0300h-03FFh \
  -ABANK4=0400h-04FFh -ABANK5=0500h-05FFh -ABANK6=0600h-06FFh \
  -ABANK7=0700h-07FFh -ABANK8=0800h-08FFh -ABANK9=0900h-09FFh \
  -ABANK10=0A00h-0AFFh -ABANK11=0B00h-0BFFh -ABANK12=0C00h-0CFFh \
  -ABANK13=0D00h-0DFFh -ABANK14=0E00h-0EFFh -ABANK15=0F00h-0F7Fh \
  -ASFR=0F80h-0FFFh -ABIGSFR=0F80h-0FFFh -ACONFIG=0300000h-030000Dh \
  -AIDLOC=0200000h-0200007h -AEEDATA=0F00000h-0F003FFh -peeprom_data=EEDATA \
  -preset_vec=00h,intcode=08h,intcodelo,powerup,init -pramtop=01000h \
  -psmallconst=SMALLCONST -pmediumconst=MEDIUMCONST -pconst=CONST \
  -AFARRAM=00h-00h \
  -prdata=COMRAM,nvrram=COMRAM,nvbit=COMRAM,rbss=COMRAM,rbit=COMRAM \
  -pfarbss=FARRAM,fardata=FARRAM,nvFARRAM=FARRAM \
  -pintsave_regs=BIGRAM,bigbss=BIGRAM,bigdata=BIGRAM -pbss=RAM \
  -pidata=CODE,irdata=CODE,ibigdata=CODE,ifardata=CODE -prparam=COMRAM \
  C:\Users\MARWAA~1\AppData\Local\Temp\xcAssp0.\driver_tmp_9.o \
  dist/default/production\MPLABXProjects.production.o 

Object code version is 3.11

Machine type is 18F4620



                Name                               Link     Load   Length Selector   Space Scale
C:\Users\MARWAA~1\AppData\Local\Temp\xcAssp0.\driver_tmp_9.o
                idloc                            200000   200000        8        0       5
                config                           300000   300000        E        0       4
                init                                  E        E        4        4       0
                reset_vec                             0        0        4        0       0
dist/default/production\MPLABXProjects.production.o
                intcode                               8        8        6        4       0
                idloc                            200000   200000        8        0       5
                config                           300000   300000        E        0       4
                temp                                 6F       6F        1        1       1
                smallconst                         1000     1000       16      800       0
                text26                             1C18     1C18        4      80B       0
                text25                             1C14     1C14        4      80B       0
                text24                             1C10     1C10        4      80B       0
                text23                             1634     1634      106      80B       0
                text22                             1A0E     1A0E       6E      80B       0
                text21                             19A0     19A0       6E      80B       0
                text20                             1C06     1C06        A      80B       0
                text19                             1BFC     1BFC        A      80B       0
                text18                             1BF2     1BF2        A      80B       0
                text17                             1BE8     1BE8        A      80B       0
                text16                             1BDE     1BDE        A      80B       0
                text15                             1BD4     1BD4        A      80B       0
                text14                             1BCA     1BCA        A      80B       0
                text13                             1BC0     1BC0        A      80B       0
                text12                             18B4     18B4       7E      80B       0
                text11                             1836     1836       7E      80B       0
                text10                             17B8     17B8       7E      80B       0
                text9                              173A     173A       7E      80B       0
                intcode_body                       1016     1016      2B6      80B       0
                text7                              12CC     12CC      12C      80B       0
                text6                              13F8     13F8      126      80B       0
                text5                              1B54     1B54       32      80B       0
                text4                              151E     151E      116      80B       0
                text3                              1A7C     1A7C       64      80B       0
                text2                              1932     1932       6E      80B       0
                text1                              1B86     1B86       2A      80B       0
                text0                              1BB0     1BB0       10      80B       0
                cstackCOMRAM                         5E       5E       11        1       1
                cstackBANK0                          80       80        E       80       1
                dataCOMRAM                            1        1       3E        1       1
                bssCOMRAM                            3F       3F       1F        1       1
                cinit                              1B1E     1B1E       36      80B       0
                idataCOMRAM                        1AE0     1AE0       3E      80B       0

TOTAL           Name                               Link     Load   Length     Space
        CLASS   CODE           
                intcode                               8        8        6         0
                init                                  E        E        4         0
                reset_vec                             0        0        4         0
                text26                             1C18     1C18        4         0
                text25                             1C14     1C14        4         0
                text24                             1C10     1C10        4         0
                text23                             1634     1634      106         0
                text22                             1A0E     1A0E       6E         0
                text21                             19A0     19A0       6E         0
                text20                             1C06     1C06        A         0
                text19                             1BFC     1BFC        A         0
                text18                             1BF2     1BF2        A         0
                text17                             1BE8     1BE8        A         0
                text16                             1BDE     1BDE        A         0
                text15                             1BD4     1BD4        A         0
                text14                             1BCA     1BCA        A         0
                text13                             1BC0     1BC0        A         0
                text12                             18B4     18B4       7E         0
                text11                             1836     1836       7E         0
                text10                             17B8     17B8       7E         0
                text9                              173A     173A       7E         0
                intcode_body                       1016     1016      2B6         0
                text7                              12CC     12CC      12C         0
                text6                              13F8     13F8      126         0
                text5                              1B54     1B54       32         0
                text4                              151E     151E      116         0
                text3                              1A7C     1A7C       64         0
                text2                              1932     1932       6E         0
                text1                              1B86     1B86       2A         0
                text0                              1BB0     1BB0       10         0
                cinit                              1B1E     1B1E       36         0
                idataCOMRAM                        1AE0     1AE0       3E         0

        CLASS   CONST          

        CLASS   SMALLCONST     
                smallconst                         1000     1000       16         0

        CLASS   MEDIUMCONST    

        CLASS   COMRAM         
                temp                                 6F       6F        1         1
                cstackCOMRAM                         5E       5E       11         1
                dataCOMRAM                            1        1       3E         1
                bssCOMRAM                            3F       3F       1F         1

        CLASS   ABS1           

        CLASS   BIGRAM         

        CLASS   RAM            

        CLASS   BANK0          
                cstackBANK0                          80       80        E         1

        CLASS   BANK1          

        CLASS   BANK2          

        CLASS   BANK3          

        CLASS   BANK4          

        CLASS   BANK5          

        CLASS   BANK6          

        CLASS   BANK7          

        CLASS   BANK8          

        CLASS   BANK9          

        CLASS   BANK10         

        CLASS   BANK11         

        CLASS   BANK12         

        CLASS   BANK13         

        CLASS   BANK14         

        CLASS   BANK15         

        CLASS   SFR            

        CLASS   BIGSFR         

        CLASS   CONFIG         
                config                           300000   300000        E         4

        CLASS   IDLOC          
                idloc                            200000   200000        8         5

        CLASS   EEDATA         

        CLASS   FARRAM         

        CLASS   HEAP           

        CLASS   STACK          



SEGMENTS        Name                           Load    Length   Top    Selector   Space  Class

                reset_vec                      000000  000004  000004         0       0  CODE    
                dataCOMRAM                     000001  00006F  000070         1       1  COMRAM  
                intcode                        000008  00000A  000012         4       0  CODE    
                cstackBANK0                    000080  00000E  00008E        80       1  BANK0   
                smallconst                     001000  000016  001016       800       0  SMALLCON
                intcode_body                   001016  000C06  001C1C       80B       0  CODE    


UNUSED ADDRESS RANGES

        Name                Unused          Largest block    Delta
        BANK0            00008E-0000FF               72
        BANK1            000100-0001FF              100
        BANK10           000A00-000AFF              100
        BANK11           000B00-000BFF              100
        BANK12           000C00-000CFF              100
        BANK13           000D00-000DFF              100
        BANK14           000E00-000EFF              100
        BANK15           000F00-000F7F               80
        BANK2            000200-0002FF              100
        BANK3            000300-0003FF              100
        BANK4            000400-0004FF              100
        BANK5            000500-0005FF              100
        BANK6            000600-0006FF              100
        BANK7            000700-0007FF              100
        BANK8            000800-0008FF              100
        BANK9            000900-0009FF              100
        BIGRAM           000070-00007F               10
                         00008E-000F7F              EF2
        BIGSFR           000F80-000FFF               80
        CODE             000004-000007                4
                         000012-000FFF              FEE
                         001C1C-00FFFF             E3E4
        COMRAM           000070-00007F               10
        CONST            000004-000007                4
                         000012-000FFF              FEE
                         001C1C-00FFFF             E3E4
        EEDATA           F00000-F003FF              400
        MEDIUMCONST      001C1C-00FFFF             E3E4
        RAM              00008E-000F7F              100
        SFR              000F80-000FFF               80
        SMALLCONST       001C1C-00FFFF              100

                                  Symbol Table

RB4_ISR@state                      cstackCOMRAM 000068
RB5_ISR@state                      cstackCOMRAM 000068
RB6_ISR@state                      cstackCOMRAM 000068
RB7_ISR@state                      cstackCOMRAM 000068
_General_Interrupt_Manager         intcode      000008
_INT0_ISR                          text26       001C18
_INT0_InterruptHandler             bssCOMRAM    000053
_INT1_ISR                          text25       001C14
_INT1_InterruptHandler             bssCOMRAM    000051
_INT2_ISR                          text24       001C10
_INT2_InterruptHandler             bssCOMRAM    00004F
_INTCON2bits                       (abs)        000FF1
_INTCON3bits                       (abs)        000FF0
_INTCONbits                        (abs)        000FF2
_ISR_RB4_HIGH_App                  text19       001BFC
_ISR_RB4_LOW_App                   text15       001BD4
_ISR_RB5_HIGH_App                  text18       001BF2
_ISR_RB5_LOW_App                   text14       001BCA
_ISR_RB6_HIGH_App                  text17       001BE8
_ISR_RB6_LOW_App                   text13       001BC0
_ISR_RB7_HIGH_App                  text20       001C06
_ISR_RB7_LOW_App                   text16       001BDE
_LATA                              (abs)        000F89
_LATB                              (abs)        000F8A
_LATC                              (abs)        000F8B
_LATD                              (abs)        000F8C
_LATE                              (abs)        000F8D
_PORTA                             (abs)        000F80
_PORTB                             (abs)        000F81
_PORTBbits                         (abs)        000F81
_PORTC                             (abs)        000F82
_PORTD                             (abs)        000F83
_PORTE                             (abs)        000F84
_RB4_Flag                          dataCOMRAM   000022
_RB4_High_InterruptHandler         bssCOMRAM    00004D
_RB4_ISR                           text12       0018B4
_RB4_Low_InterruptHandler          bssCOMRAM    00004B
_RB5_Flag                          dataCOMRAM   000021
_RB5_High_InterruptHandler         bssCOMRAM    000049
_RB5_ISR                           text11       001836
_RB5_Low_InterruptHandler          bssCOMRAM    000047
_RB6_Flag                          dataCOMRAM   000020
_RB6_High_InterruptHandler         bssCOMRAM    000045
_RB6_ISR                           text10       0017B8
_RB6_Low_InterruptHandler          bssCOMRAM    000043
_RB7_Flag                          dataCOMRAM   00001F
_RB7_High_InterruptHandler         bssCOMRAM    000041
_RB7_ISR                           text9        00173A
_RB7_Low_InterruptHandler          bssCOMRAM    00003F
_TRISA                             (abs)        000F92
_TRISB                             (abs)        000F93
_TRISC                             (abs)        000F94
_TRISD                             (abs)        000F95
_TRISE                             (abs)        000F96
__HRAM                             (abs)        000000
__H__absolute__                    __absolute__ 000000
__Habs1                            abs1         000000
__Hbank0                           bank0        000000
__Hbank1                           bank1        000000
__Hbank10                          bank10       000000
__Hbank11                          bank11       000000
__Hbank12                          bank12       000000
__Hbank13                          bank13       000000
__Hbank14                          bank14       000000
__Hbank15                          bank15       000000
__Hbank2                           bank2        000000
__Hbank3                           bank3        000000
__Hbank4                           bank4        000000
__Hbank5                           bank5        000000
__Hbank6                           bank6        000000
__Hbank7                           bank7        000000
__Hbank8                           bank8        000000
__Hbank9                           bank9        000000
__Hbigbss                          bigbss       000000
__Hbigdata                         bigdata      000000
__Hbigram                          bigram       000000
__Hbigsfr                          bigsfr       000000
__Hbss                             bss          000000
__HbssCOMRAM                       bssCOMRAM    000000
__Hcinit                           cinit        000000
__Hclrtext                         clrtext      000000
__Hcomram                          comram       000000
__Hconfig                          config       30000E
__Hconst                           const        000000
__HcstackBANK0                     cstackBANK0  000000
__HcstackCOMRAM                    cstackCOMRAM 000000
__Hdata                            data         000000
__HdataCOMRAM                      dataCOMRAM   000000
__Heeprom_data                     eeprom_data  000000
__Hfarbss                          farbss       000000
__Hfardata                         fardata      000000
__Hheap                            heap         000000
__Hibigdata                        ibigdata     000000
__Hidata                           idata        000000
__HidataCOMRAM                     idataCOMRAM  000000
__Hidloc                           idloc        200008
__Hifardata                        ifardata     000000
__Hinit                            init         000012
__Hintcode                         intcode      00000E
__Hintcode_body                    intcode_body 000000
__Hintcodelo                       intcodelo    00000E
__Hintentry                        intentry     000000
__Hintret                          intret       000000
__Hintsave_regs                    intsave_regs 000000
__Hirdata                          irdata       000000
__Hmediumconst                     mediumconst  000000
__HnvFARRAM                        nvFARRAM     000000
__Hnvbit                           nvbit        000000
__Hnvrram                          nvrram       000000
__Hparam                           rparam       000000
__Hpowerup                         powerup      00000E
__Hram                             ram          000000
__Hramtop                          ramtop       001000
__Hrbit                            rbit         000000
__Hrbss                            rbss         000000
__Hrdata                           rdata        000000
__Hreset_vec                       reset_vec    000004
__Hrparam                          rparam       000000
__Hsfr                             sfr          000000
__Hsmallconst                      smallconst   001016
__Hspace_0                         (abs)        001C1C
__Hspace_1                         (abs)        00008E
__Hspace_2                         (abs)        000000
__Hspace_4                         (abs)        60000E
__Hstack                           stack        000000
__Hstruct                          struct       000000
__Htemp                            temp         000070
__Htext                            text         000000
__Htext0                           text0        000000
__Htext1                           text1        000000
__Htext10                          text10       000000
__Htext11                          text11       000000
__Htext12                          text12       000000
__Htext13                          text13       000000
__Htext14                          text14       000000
__Htext15                          text15       000000
__Htext16                          text16       000000
__Htext17                          text17       000000
__Htext18                          text18       000000
__Htext19                          text19       000000
__Htext2                           text2        000000
__Htext20                          text20       000000
__Htext21                          text21       000000
__Htext22                          text22       000000
__Htext23                          text23       000000
__Htext24                          text24       000000
__Htext25                          text25       000000
__Htext26                          text26       000000
__Htext27                          text27       000000
__Htext3                           text3        000000
__Htext4                           text4        000000
__Htext5                           text5        000000
__Htext6                           text6        000000
__Htext7                           text7        000000
__Htext9                           text9        000000
__LRAM                             (abs)        000001
__L__absolute__                    __absolute__ 000000
__Labs1                            abs1         000000
__Lbank0                           bank0        000000
__Lbank1                           bank1        000000
__Lbank10                          bank10       000000
__Lbank11                          bank11       000000
__Lbank12                          bank12       000000
__Lbank13                          bank13       000000
__Lbank14                          bank14       000000
__Lbank15                          bank15       000000
__Lbank2                           bank2        000000
__Lbank3                           bank3        000000
__Lbank4                           bank4        000000
__Lbank5                           bank5        000000
__Lbank6                           bank6        000000
__Lbank7                           bank7        000000
__Lbank8                           bank8        000000
__Lbank9                           bank9        000000
__Lbigbss                          bigbss       000000
__Lbigdata                         bigdata      000000
__Lbigram                          bigram       000000
__Lbigsfr                          bigsfr       000000
__Lbss                             bss          000000
__LbssCOMRAM                       bssCOMRAM    000000
__Lcinit                           cinit        000000
__Lclrtext                         clrtext      000000
__Lcomram                          comram       000000
__Lconfig                          config       000000
__Lconst                           const        000000
__LcstackBANK0                     cstackBANK0  000000
__LcstackCOMRAM                    cstackCOMRAM 000000
__Ldata                            data         000000
__LdataCOMRAM                      dataCOMRAM   000000
__Leeprom_data                     eeprom_data  000000
__Lfarbss                          farbss       000000
__Lfardata                         fardata      000000
__Lheap                            heap         000000
__Libigdata                        ibigdata     000000
__Lidata                           idata        000000
__LidataCOMRAM                     idataCOMRAM  000000
__Lidloc                           idloc        000000
__Lifardata                        ifardata     000000
__Linit                            init         00000E
__Lintcode                         intcode      000008
__Lintcode_body                    intcode_body 000000
__Lintcodelo                       intcodelo    00000E
__Lintentry                        intentry     000000
__Lintret                          intret       000000
__Lintsave_regs                    intsave_regs 000000
__Lirdata                          irdata       000000
__Lmediumconst                     mediumconst  000000
__LnvFARRAM                        nvFARRAM     000000
__Lnvbit                           nvbit        000000
__Lnvrram                          nvrram       000000
__Lparam                           rparam       000000
__Lpowerup                         powerup      00000E
__Lram                             ram          000000
__Lramtop                          ramtop       001000
__Lrbit                            rbit         000000
__Lrbss                            rbss         000000
__Lrdata                           rdata        000000
__Lreset_vec                       reset_vec    000000
__Lrparam                          rparam       000000
__Lsfr                             sfr          000000
__Lsmallconst                      smallconst   001000
__Lspace_0                         (abs)        000000
__Lspace_1                         (abs)        000000
__Lspace_2                         (abs)        000000
__Lspace_4                         (abs)        000000
__Lstack                           stack        000000
__Lstruct                          struct       000000
__Ltemp                            temp         00006F
__Ltext                            text         000000
__Ltext0                           text0        000000
__Ltext1                           text1        000000
__Ltext10                          text10       000000
__Ltext11                          text11       000000
__Ltext12                          text12       000000
__Ltext13                          text13       000000
__Ltext14                          text14       000000
__Ltext15                          text15       000000
__Ltext16                          text16       000000
__Ltext17                          text17       000000
__Ltext18                          text18       000000
__Ltext19                          text19       000000
__Ltext2                           text2        000000
__Ltext20                          text20       000000
__Ltext21                          text21       000000
__Ltext22                          text22       000000
__Ltext23                          text23       000000
__Ltext24                          text24       000000
__Ltext25                          text25       000000
__Ltext26                          text26       000000
__Ltext27                          text27       000000
__Ltext3                           text3        000000
__Ltext4                           text4        000000
__Ltext5                           text5        000000
__Ltext6                           text6        000000
__Ltext7                           text7        000000
__Ltext9                           text9        000000
__S0                               (abs)        001C1C
__S1                               (abs)        00008E
__S4                               (abs)        000000
__S5                               (abs)        000000
___heap_hi                         (abs)        000000
___heap_lo                         (abs)        000000
___inthi_sp                        stack        000000
___inthi_stack_hi                  stack        000000
___inthi_stack_lo                  stack        000000
___intlo_sp                        stack        000000
___intlo_stack_hi                  stack        000000
___intlo_stack_lo                  stack        000000
___param_bank                      (abs)        000000
___rparam_used                     (abs)        000001
___sp                              stack        000000
___stack_hi                        stack        000000
___stack_lo                        stack        000000
__accesstop                        (abs)        000080
__activetblptr                     (abs)        000003
__end_of_General_Interrupt_Manager intcode_body 0012CC
__end_of_INT0_ISR                  text26       001C1C
__end_of_INT1_ISR                  text25       001C18
__end_of_INT2_ISR                  text24       001C14
__end_of_ISR_RB4_HIGH_App          text19       001C06
__end_of_ISR_RB4_LOW_App           text15       001BDE
__end_of_ISR_RB5_HIGH_App          text18       001BFC
__end_of_ISR_RB5_LOW_App           text14       001BD4
__end_of_ISR_RB6_HIGH_App          text17       001BF2
__end_of_ISR_RB6_LOW_App           text13       001BCA
__end_of_ISR_RB7_HIGH_App          text20       001C10
__end_of_ISR_RB7_LOW_App           text16       001BE8
__end_of_RB4_ISR                   text12       001932
__end_of_RB5_ISR                   text11       0018B4
__end_of_RB6_ISR                   text10       001836
__end_of_RB7_ISR                   text9        0017B8
__end_of__initialization           cinit        001B4A
__end_of_app_init                  text5        001B86
__end_of_ecu_layer_initialize      text1        001BB0
__end_of_gpio_pin_direction_init   text7        0013F8
__end_of_gpio_pin_init             text3        001AE0
__end_of_gpio_pin_write            text4        001634
__end_of_interrupt_RBx_Init        text6        00151E
__end_of_keypad_buttons            smallconst   001011
__end_of_led_init                  text2        0019A0
__end_of_led_off                   text21       001A0E
__end_of_led_on                    text22       001A7C
__end_of_main                      text0        001BC0
__end_ofi2_gpio_pin_write          text23       00173A
__initialization                   cinit        001B1E
__mediumconst                      mediumconst  000000
__pbssCOMRAM                       bssCOMRAM    00003F
__pcinit                           cinit        001B1E
__pcstackBANK0                     cstackBANK0  000080
__pcstackCOMRAM                    cstackCOMRAM 00005E
__pdataCOMRAM                      dataCOMRAM   000001
__pidataCOMRAM                     idataCOMRAM  001AE0
__pintcode                         intcode      000008
__pintcode_body                    intcode_body 001016
__psmallconst                      smallconst   001000
__ptext0                           text0        001BB0
__ptext1                           text1        001B86
__ptext10                          text10       0017B8
__ptext11                          text11       001836
__ptext12                          text12       0018B4
__ptext13                          text13       001BC0
__ptext14                          text14       001BCA
__ptext15                          text15       001BD4
__ptext16                          text16       001BDE
__ptext17                          text17       001BE8
__ptext18                          text18       001BF2
__ptext19                          text19       001BFC
__ptext2                           text2        001932
__ptext20                          text20       001C06
__ptext21                          text21       0019A0
__ptext22                          text22       001A0E
__ptext23                          text23       001634
__ptext24                          text24       001C10
__ptext25                          text25       001C14
__ptext26                          text26       001C18
__ptext27                          text27       000000
__ptext3                           text3        001A7C
__ptext4                           text4        00151E
__ptext5                           text5        001B54
__ptext6                           text6        0013F8
__ptext7                           text7        0012CC
__ptext9                           text9        00173A
__ramtop                           ramtop       001000
__smallconst                       smallconst   001000
_app_init                          text5        001B54
_ecu_layer_initialize              text1        001B86
_gpio_pin_direction_init           text7        0012CC
_gpio_pin_init                     text3        001A7C
_gpio_pin_write                    text4        00151E
_interrupt_RBx_Init                text6        0013F8
_keypad_buttons                    smallconst   001001
_lat_reg                           dataCOMRAM   00000B
_led_4                             dataCOMRAM   00003E
_led_5                             dataCOMRAM   00003D
_led_6                             dataCOMRAM   00003C
_led_7                             dataCOMRAM   00003B
_led_init                          text2        001932
_led_off                           text21       0019A0
_led_on                            text22       001A0E
_main                              text0        001BB0
_port_reg                          dataCOMRAM   000001
_rb4_obj                           dataCOMRAM   000035
_rb5_obj                           dataCOMRAM   00002F
_rb6_obj                           dataCOMRAM   000029
_rb7_obj                           dataCOMRAM   000023
_ret                               bssCOMRAM    000055
_tris_reg                          dataCOMRAM   000015
btemp                              temp         00006F
end_of_initialization              cinit        001B4A
gpio_pin_direction_init@pin_confg  cstackBANK0  000080
gpio_pin_direction_init@ret        cstackBANK0  000086
gpio_pin_init@pin_confg            cstackBANK0  000088
gpio_pin_init@ret                  cstackBANK0  00008A
gpio_pin_write@pin_confg           cstackBANK0  000080
gpio_pin_write@pin_state           cstackBANK0  000081
gpio_pin_write@ret                 cstackBANK0  000087
i2_gpio_pin_write                  text23       001634
i2gpio_pin_write@pin_confg         cstackCOMRAM 00005E
i2gpio_pin_write@pin_state         cstackCOMRAM 00005F
int$flags                          temp         00006F
int_func                           intcode_body 001016
interrupt_RBx_Init@intr_obj        cstackBANK0  000087
interrupt_RBx_Init@ret             cstackBANK0  00008A
intlevel0                          text         000000
intlevel1                          text         000000
intlevel2                          text         000000
intlevel3                          text         000000
isa$std                            (abs)        000001
isa$xinst                          (abs)        000000
led_init@F3062                     bssCOMRAM    00005D
led_init@led                       cstackBANK0  00008B
led_init@pin_cfg                   cstackBANK0  00008D
led_off@F3072                      bssCOMRAM    00005B
led_off@led                        cstackCOMRAM 000065
led_off@pin_cfg                    cstackCOMRAM 000067
led_on@F3067                       bssCOMRAM    00005C
led_on@led                         cstackCOMRAM 000065
led_on@pin_cfg                     cstackCOMRAM 000067
led_toggle@F3077                   bssCOMRAM    00005A
relay_init@F3057                   bssCOMRAM    000059
relay_off@F3067                    bssCOMRAM    000057
relay_on@F3062                     bssCOMRAM    000058
relay_toggle@F3072                 bssCOMRAM    000056
stackhi                            (abs)        000000
stacklo                            (abs)        000000
start                              init         00000E
start_initialization               cinit        001B1E
ttemp5                             temp         000070
ttemp6                             temp         000073
ttemp7                             temp         000077
wtemp8                             temp         000070


MODULE INFORMATION

Module		Function		Class		Link	Load	Size
shared
		__initialization		CODE           	1B1E	0000	44
		i2_gpio_pin_write		CODE           	1634	0000	262
		_keypad_buttons		SMALLCONST     	1001	0000	16

shared estimated size: 322

MCAL_Layer/Interrupt/mcal_external_interrupt.c
		_interrupt_RBx_Init		CODE           	13F8	0000	294
		_RB4_ISR       		CODE           	18B4	0000	126
		_RB5_ISR       		CODE           	1836	0000	126
		_RB6_ISR       		CODE           	17B8	0000	126
		_RB7_ISR       		CODE           	173A	0000	126
		_INT0_ISR      		CODE           	1C18	0000	4
		_INT1_ISR      		CODE           	1C14	0000	4
		_INT2_ISR      		CODE           	1C10	0000	4

MCAL_Layer/Interrupt/mcal_external_interrupt.c estimated size: 810

MCAL_Layer/Interrupt/mcal_interrupt_manager.c
		_General_Interrupt_Manager		CODE           	0008	0000	700

MCAL_Layer/Interrupt/mcal_interrupt_manager.c estimated size: 700

MCAL_Layer/GPIO/hal_gpio.c
		_gpio_pin_write		CODE           	151E	0000	278
		_gpio_pin_direction_init		CODE           	12CC	0000	300
		_gpio_pin_init 		CODE           	1A7C	0000	100

MCAL_Layer/GPIO/hal_gpio.c estimated size: 678

ECU_Layer/LED/ecu_led.c
		_led_init      		CODE           	1932	0000	110
		_led_off       		CODE           	19A0	0000	110
		_led_on        		CODE           	1A0E	0000	110

ECU_Layer/LED/ecu_led.c estimated size: 330

ECU_Layer/ecu_layer_init.c
		_ecu_layer_initialize		CODE           	1B86	0000	42

ECU_Layer/ecu_layer_init.c estimated size: 42

application.c
		_ISR_RB4_HIGH_App		CODE           	1BFC	0000	10
		_ISR_RB7_HIGH_App		CODE           	1C06	0000	10
		_ISR_RB5_LOW_App		CODE           	1BCA	0000	10
		_main          		CODE           	1BB0	0000	16
		_ISR_RB6_HIGH_App		CODE           	1BE8	0000	10
		_ISR_RB4_LOW_App		CODE           	1BD4	0000	10
		_ISR_RB7_LOW_App		CODE           	1BDE	0000	10
		_app_init      		CODE           	1B54	0000	50
		_ISR_RB5_HIGH_App		CODE           	1BF2	0000	10
		_ISR_RB6_LOW_App		CODE           	1BC0	0000	10

application.c estimated size: 146

